Analysis & Synthesis report for MEDT
Fri May 22 12:08:50 2020
Quartus Prime Version 16.1.0 Build 196 10/24/2016 SJ Lite Edition


---------------------
; Table of Contents ;
---------------------
  1. Legal Notice
  2. Analysis & Synthesis Summary
  3. Analysis & Synthesis Settings
  4. Parallel Compilation
  5. Analysis & Synthesis Source Files Read
  6. Analysis & Synthesis Resource Usage Summary
  7. Analysis & Synthesis Resource Utilization by Entity
  8. General Register Statistics
  9. Inverted Register Statistics
 10. Multiplexer Restructuring Statistics (Restructuring Performed)
 11. Post-Synthesis Netlist Statistics for Top Partition
 12. Elapsed Time Per Partition
 13. Analysis & Synthesis Messages



----------------
; Legal Notice ;
----------------
Copyright (C) 2016  Intel Corporation. All rights reserved.
Your use of Intel Corporation's design tools, logic functions 
and other software and tools, and its AMPP partner logic 
functions, and any output files from any of the foregoing 
(including device programming or simulation files), and any 
associated documentation or information are expressly subject 
to the terms and conditions of the Intel Program License 
Subscription Agreement, the Intel Quartus Prime License Agreement,
the Intel MegaCore Function License Agreement, or other 
applicable license agreement, including, without limitation, 
that your use is for the sole purpose of programming logic 
devices manufactured by Intel and sold by Intel or its 
authorized distributors.  Please refer to the applicable 
agreement for further details.



+----------------------------------------------------------------------------------+
; Analysis & Synthesis Summary                                                     ;
+------------------------------------+---------------------------------------------+
; Analysis & Synthesis Status        ; Successful - Fri May 22 12:08:50 2020       ;
; Quartus Prime Version              ; 16.1.0 Build 196 10/24/2016 SJ Lite Edition ;
; Revision Name                      ; MEDT                                        ;
; Top-level Entity Name              ; MEDT                                        ;
; Family                             ; MAX 10                                      ;
; Total logic elements               ; 379                                         ;
;     Total combinational functions  ; 354                                         ;
;     Dedicated logic registers      ; 74                                          ;
; Total registers                    ; 74                                          ;
; Total pins                         ; 19                                          ;
; Total virtual pins                 ; 0                                           ;
; Total memory bits                  ; 0                                           ;
; Embedded Multiplier 9-bit elements ; 0                                           ;
; Total PLLs                         ; 0                                           ;
; UFM blocks                         ; 0                                           ;
; ADC blocks                         ; 0                                           ;
+------------------------------------+---------------------------------------------+


+----------------------------------------------------------------------------------------------------------------------+
; Analysis & Synthesis Settings                                                                                        ;
+----------------------------------------------------------------------------+--------------------+--------------------+
; Option                                                                     ; Setting            ; Default Value      ;
+----------------------------------------------------------------------------+--------------------+--------------------+
; Device                                                                     ; 10M50DAF484C6GES   ;                    ;
; Top-level entity name                                                      ; MEDT               ; MEDT               ;
; Family name                                                                ; MAX 10             ; Cyclone V          ;
; Use smart compilation                                                      ; Off                ; Off                ;
; Enable parallel Assembler and TimeQuest Timing Analyzer during compilation ; On                 ; On                 ;
; Enable compact report table                                                ; Off                ; Off                ;
; Restructure Multiplexers                                                   ; Auto               ; Auto               ;
; Create Debugging Nodes for IP Cores                                        ; Off                ; Off                ;
; Preserve fewer node names                                                  ; On                 ; On                 ;
; OpenCore Plus hardware evaluation                                          ; Enable             ; Enable             ;
; Verilog Version                                                            ; Verilog_2001       ; Verilog_2001       ;
; VHDL Version                                                               ; VHDL_1993          ; VHDL_1993          ;
; State Machine Processing                                                   ; Auto               ; Auto               ;
; Safe State Machine                                                         ; Off                ; Off                ;
; Extract Verilog State Machines                                             ; On                 ; On                 ;
; Extract VHDL State Machines                                                ; On                 ; On                 ;
; Ignore Verilog initial constructs                                          ; Off                ; Off                ;
; Iteration limit for constant Verilog loops                                 ; 5000               ; 5000               ;
; Iteration limit for non-constant Verilog loops                             ; 250                ; 250                ;
; Add Pass-Through Logic to Inferred RAMs                                    ; On                 ; On                 ;
; Infer RAMs from Raw Logic                                                  ; On                 ; On                 ;
; Parallel Synthesis                                                         ; On                 ; On                 ;
; DSP Block Balancing                                                        ; Auto               ; Auto               ;
; NOT Gate Push-Back                                                         ; On                 ; On                 ;
; Power-Up Don't Care                                                        ; On                 ; On                 ;
; Remove Redundant Logic Cells                                               ; Off                ; Off                ;
; Remove Duplicate Registers                                                 ; On                 ; On                 ;
; Ignore CARRY Buffers                                                       ; Off                ; Off                ;
; Ignore CASCADE Buffers                                                     ; Off                ; Off                ;
; Ignore GLOBAL Buffers                                                      ; Off                ; Off                ;
; Ignore ROW GLOBAL Buffers                                                  ; Off                ; Off                ;
; Ignore LCELL Buffers                                                       ; Off                ; Off                ;
; Ignore SOFT Buffers                                                        ; On                 ; On                 ;
; Limit AHDL Integers to 32 Bits                                             ; Off                ; Off                ;
; Optimization Technique                                                     ; Balanced           ; Balanced           ;
; Carry Chain Length                                                         ; 70                 ; 70                 ;
; Auto Carry Chains                                                          ; On                 ; On                 ;
; Auto Open-Drain Pins                                                       ; On                 ; On                 ;
; Perform WYSIWYG Primitive Resynthesis                                      ; Off                ; Off                ;
; Auto ROM Replacement                                                       ; On                 ; On                 ;
; Auto RAM Replacement                                                       ; On                 ; On                 ;
; Auto DSP Block Replacement                                                 ; On                 ; On                 ;
; Auto Shift Register Replacement                                            ; Auto               ; Auto               ;
; Allow Shift Register Merging across Hierarchies                            ; Auto               ; Auto               ;
; Auto Clock Enable Replacement                                              ; On                 ; On                 ;
; Strict RAM Replacement                                                     ; Off                ; Off                ;
; Allow Synchronous Control Signals                                          ; On                 ; On                 ;
; Force Use of Synchronous Clear Signals                                     ; Off                ; Off                ;
; Auto RAM Block Balancing                                                   ; On                 ; On                 ;
; Auto RAM to Logic Cell Conversion                                          ; Off                ; Off                ;
; Auto Resource Sharing                                                      ; Off                ; Off                ;
; Allow Any RAM Size For Recognition                                         ; Off                ; Off                ;
; Allow Any ROM Size For Recognition                                         ; Off                ; Off                ;
; Allow Any Shift Register Size For Recognition                              ; Off                ; Off                ;
; Use LogicLock Constraints during Resource Balancing                        ; On                 ; On                 ;
; Ignore translate_off and synthesis_off directives                          ; Off                ; Off                ;
; Timing-Driven Synthesis                                                    ; On                 ; On                 ;
; Report Parameter Settings                                                  ; On                 ; On                 ;
; Report Source Assignments                                                  ; On                 ; On                 ;
; Report Connectivity Checks                                                 ; On                 ; On                 ;
; Ignore Maximum Fan-Out Assignments                                         ; Off                ; Off                ;
; Synchronization Register Chain Length                                      ; 2                  ; 2                  ;
; PowerPlay Power Optimization During Synthesis                              ; Normal compilation ; Normal compilation ;
; HDL message level                                                          ; Level2             ; Level2             ;
; Suppress Register Optimization Related Messages                            ; Off                ; Off                ;
; Number of Removed Registers Reported in Synthesis Report                   ; 5000               ; 5000               ;
; Number of Swept Nodes Reported in Synthesis Report                         ; 5000               ; 5000               ;
; Number of Inverted Registers Reported in Synthesis Report                  ; 100                ; 100                ;
; Clock MUX Protection                                                       ; On                 ; On                 ;
; Auto Gated Clock Conversion                                                ; Off                ; Off                ;
; Block Design Naming                                                        ; Auto               ; Auto               ;
; SDC constraint protection                                                  ; Off                ; Off                ;
; Synthesis Effort                                                           ; Auto               ; Auto               ;
; Shift Register Replacement - Allow Asynchronous Clear Signal               ; On                 ; On                 ;
; Pre-Mapping Resynthesis Optimization                                       ; Off                ; Off                ;
; Analysis & Synthesis Message Level                                         ; Medium             ; Medium             ;
; Disable Register Merging Across Hierarchies                                ; Auto               ; Auto               ;
; Resource Aware Inference For Block RAM                                     ; On                 ; On                 ;
+----------------------------------------------------------------------------+--------------------+--------------------+


+------------------------------------------+
; Parallel Compilation                     ;
+----------------------------+-------------+
; Processors                 ; Number      ;
+----------------------------+-------------+
; Number detected on machine ; 4           ;
; Maximum allowed            ; 4           ;
;                            ;             ;
; Average used               ; 1.00        ;
; Maximum used               ; 4           ;
;                            ;             ;
; Usage by Processor         ; % Time Used ;
;     Processor 1            ; 100.0%      ;
;     Processors 2-4         ;   0.0%      ;
+----------------------------+-------------+


+---------------------------------------------------------------------------------------------------------------------------------------------------------------------------------+
; Analysis & Synthesis Source Files Read                                                                                                                                          ;
+-------------------------------------+-----------------+-----------------+---------------------------------------------------------------------------------------------+---------+
; File Name with User-Entered Path    ; Used in Netlist ; File Type       ; File Name with Absolute Path                                                                ; Library ;
+-------------------------------------+-----------------+-----------------+---------------------------------------------------------------------------------------------+---------+
; ../hdl/Timer.vhd                    ; yes             ; User VHDL File  ; C:/Users/nache/OneDrive/Escritorio/Hito3_DD2_IgnacioBlasco/hdl/Timer.vhd                    ;         ;
; ../hdl/presentacion_temperatura.vhd ; yes             ; User VHDL File  ; C:/Users/nache/OneDrive/Escritorio/Hito3_DD2_IgnacioBlasco/hdl/presentacion_temperatura.vhd ;         ;
; ../hdl/interfaz_spi.vhd             ; yes             ; User VHDL File  ; C:/Users/nache/OneDrive/Escritorio/Hito3_DD2_IgnacioBlasco/hdl/interfaz_spi.vhd             ;         ;
; ../hdl/dataToDisplay.vhd            ; yes             ; User VHDL File  ; C:/Users/nache/OneDrive/Escritorio/Hito3_DD2_IgnacioBlasco/hdl/dataToDisplay.vhd            ;         ;
; ../hdl/MEDT.vhd                     ; yes             ; User VHDL File  ; C:/Users/nache/OneDrive/Escritorio/Hito3_DD2_IgnacioBlasco/hdl/MEDT.vhd                     ;         ;
+-------------------------------------+-----------------+-----------------+---------------------------------------------------------------------------------------------+---------+


+---------------------------------------------------------+
; Analysis & Synthesis Resource Usage Summary             ;
+---------------------------------------------+-----------+
; Resource                                    ; Usage     ;
+---------------------------------------------+-----------+
; Estimated Total logic elements              ; 379       ;
;                                             ;           ;
; Total combinational functions               ; 354       ;
; Logic element usage by number of LUT inputs ;           ;
;     -- 4 input functions                    ; 142       ;
;     -- 3 input functions                    ; 100       ;
;     -- <=2 input functions                  ; 112       ;
;                                             ;           ;
; Logic elements by mode                      ;           ;
;     -- normal mode                          ; 227       ;
;     -- arithmetic mode                      ; 127       ;
;                                             ;           ;
; Total registers                             ; 74        ;
;     -- Dedicated logic registers            ; 74        ;
;     -- I/O registers                        ; 0         ;
;                                             ;           ;
; I/O pins                                    ; 19        ;
;                                             ;           ;
; Embedded Multiplier 9-bit elements          ; 0         ;
;                                             ;           ;
; Maximum fan-out node                        ; clk~input ;
; Maximum fan-out                             ; 74        ;
; Total fan-out                               ; 1437      ;
; Average fan-out                             ; 3.08      ;
+---------------------------------------------+-----------+


+---------------------------------------------------------------------------------------------------------------------------------------------------------------------------------------------------------------------------------------------------------------------------------------------+
; Analysis & Synthesis Resource Utilization by Entity                                                                                                                                                                                                                                         ;
+----------------------------------------------+---------------------+---------------------------+-------------+------------+--------------+---------+-----------+------+--------------+------------+-----------------------------------------------+--------------------------+--------------+
; Compilation Hierarchy Node                   ; Combinational ALUTs ; Dedicated Logic Registers ; Memory Bits ; UFM Blocks ; DSP Elements ; DSP 9x9 ; DSP 18x18 ; Pins ; Virtual Pins ; ADC blocks ; Full Hierarchy Name                           ; Entity Name              ; Library Name ;
+----------------------------------------------+---------------------+---------------------------+-------------+------------+--------------+---------+-----------+------+--------------+------------+-----------------------------------------------+--------------------------+--------------+
; |MEDT                                        ; 354 (1)             ; 74 (0)                    ; 0           ; 0          ; 0            ; 0       ; 0         ; 19   ; 0            ; 0          ; |MEDT                                         ; MEDT                     ; work         ;
;    |Timer:timer|                             ; 60 (60)             ; 35 (35)                   ; 0           ; 0          ; 0            ; 0       ; 0         ; 0    ; 0            ; 0          ; |MEDT|Timer:timer                             ; Timer                    ; work         ;
;    |dataToDisplay:conversiones|              ; 224 (224)           ; 13 (13)                   ; 0           ; 0          ; 0            ; 0       ; 0         ; 0    ; 0            ; 0          ; |MEDT|dataToDisplay:conversiones              ; dataToDisplay            ; work         ;
;    |interfaz_spi:dut|                        ; 25 (25)             ; 21 (21)                   ; 0           ; 0          ; 0            ; 0       ; 0         ; 0    ; 0            ; 0          ; |MEDT|interfaz_spi:dut                        ; interfaz_spi             ; work         ;
;    |presentacion_temperatura:representacion| ; 44 (44)             ; 5 (5)                     ; 0           ; 0          ; 0            ; 0       ; 0         ; 0    ; 0            ; 0          ; |MEDT|presentacion_temperatura:representacion ; presentacion_temperatura ; work         ;
+----------------------------------------------+---------------------+---------------------------+-------------+------------+--------------+---------+-----------+------+--------------+------------+-----------------------------------------------+--------------------------+--------------+
Note: For table entries with two numbers listed, the numbers in parentheses indicate the number of resources of the given type used by the specific entity alone. The numbers listed outside of parentheses indicate the total resources of the given type used by the specific entity and all of its sub-entities in the hierarchy.


+------------------------------------------------------+
; General Register Statistics                          ;
+----------------------------------------------+-------+
; Statistic                                    ; Value ;
+----------------------------------------------+-------+
; Total registers                              ; 74    ;
; Number of registers using Synchronous Clear  ; 0     ;
; Number of registers using Synchronous Load   ; 36    ;
; Number of registers using Asynchronous Clear ; 74    ;
; Number of registers using Asynchronous Load  ; 0     ;
; Number of registers using Clock Enable       ; 38    ;
; Number of registers using Preset             ; 0     ;
+----------------------------------------------+-------+


+---------------------------------------------------------------+
; Inverted Register Statistics                                  ;
+-----------------------------------------------------+---------+
; Inverted Register                                   ; Fan out ;
+-----------------------------------------------------+---------+
; interfaz_spi:dut|cnt_SPI[0]                         ; 4       ;
; Timer:timer|contador[0]                             ; 2       ;
; Timer:timer|contador_2m5[0]                         ; 2       ;
; interfaz_spi:dut|CS                                 ; 6       ;
; presentacion_temperatura:representacion|mux_disp[1] ; 4       ;
; presentacion_temperatura:representacion|mux_disp[2] ; 6       ;
; presentacion_temperatura:representacion|mux_disp[3] ; 6       ;
; presentacion_temperatura:representacion|mux_disp[4] ; 6       ;
; dataToDisplay:conversiones|escala[0]                ; 18      ;
; Total number of inverted registers = 9              ;         ;
+-----------------------------------------------------+---------+


+--------------------------------------------------------------------------------------------------------------------------------------------------------------------+
; Multiplexer Restructuring Statistics (Restructuring Performed)                                                                                                     ;
+--------------------+-----------+---------------+----------------------+------------------------+------------+------------------------------------------------------+
; Multiplexer Inputs ; Bus Width ; Baseline Area ; Area if Restructured ; Saving if Restructured ; Registered ; Example Multiplexer Output                           ;
+--------------------+-----------+---------------+----------------------+------------------------+------------+------------------------------------------------------+
; 5:1                ; 4 bits    ; 12 LEs        ; 4 LEs                ; 8 LEs                  ; Yes        ; |MEDT|interfaz_spi:dut|cnt_9[0]                      ;
; 3:1                ; 6 bits    ; 12 LEs        ; 12 LEs               ; 0 LEs                  ; No         ; |MEDT|Timer:timer|fin_cnt[9]                         ;
; 3:1                ; 2 bits    ; 4 LEs         ; 4 LEs                ; 0 LEs                  ; No         ; |MEDT|dataToDisplay:conversiones|mod_BCD[8]          ;
; 32:1               ; 7 bits    ; 147 LEs       ; 28 LEs               ; 119 LEs                ; No         ; |MEDT|dataToDisplay:conversiones|num_bin_unidades[0] ;
; 6:1                ; 2 bits    ; 8 LEs         ; 6 LEs                ; 2 LEs                  ; No         ; |MEDT|dataToDisplay:conversiones|mod_BCD[6]          ;
; 9:1                ; 2 bits    ; 12 LEs        ; 12 LEs               ; 0 LEs                  ; No         ; |MEDT|dataToDisplay:conversiones|mod_BCD[7]          ;
; 14:1               ; 2 bits    ; 18 LEs        ; 14 LEs               ; 4 LEs                  ; No         ; |MEDT|presentacion_temperatura:representacion|BCD[2] ;
+--------------------+-----------+---------------+----------------------+------------------------+------------+------------------------------------------------------+


+-----------------------------------------------------+
; Post-Synthesis Netlist Statistics for Top Partition ;
+-----------------------+-----------------------------+
; Type                  ; Count                       ;
+-----------------------+-----------------------------+
; boundary_port         ; 19                          ;
; cycloneiii_ff         ; 74                          ;
;     CLR               ; 13                          ;
;     CLR SLD           ; 23                          ;
;     ENA CLR           ; 25                          ;
;     ENA CLR SLD       ; 13                          ;
; cycloneiii_lcell_comb ; 365                         ;
;     arith             ; 127                         ;
;         1 data inputs ; 3                           ;
;         2 data inputs ; 81                          ;
;         3 data inputs ; 43                          ;
;     normal            ; 238                         ;
;         0 data inputs ; 4                           ;
;         1 data inputs ; 23                          ;
;         2 data inputs ; 12                          ;
;         3 data inputs ; 57                          ;
;         4 data inputs ; 142                         ;
;                       ;                             ;
; Max LUT depth         ; 29.60                       ;
; Average LUT depth     ; 18.40                       ;
+-----------------------+-----------------------------+


+-------------------------------+
; Elapsed Time Per Partition    ;
+----------------+--------------+
; Partition Name ; Elapsed Time ;
+----------------+--------------+
; Top            ; 00:00:01     ;
+----------------+--------------+


+-------------------------------+
; Analysis & Synthesis Messages ;
+-------------------------------+
Info: *******************************************************************
Info: Running Quartus Prime Analysis & Synthesis
    Info: Version 16.1.0 Build 196 10/24/2016 SJ Lite Edition
    Info: Processing started: Fri May 22 12:08:35 2020
Info: Command: quartus_map --read_settings_files=on --write_settings_files=off MEDT -c MEDT
Warning (18236): Number of processors has not been specified which may cause overloading on shared machines.  Set the global assignment NUM_PARALLEL_PROCESSORS in your QSF to an appropriate value for best performance.
Info (20030): Parallel compilation is enabled and will use 4 of the 4 processors detected
Info (12021): Found 2 design units, including 1 entities, in source file /users/nache/onedrive/escritorio/hito3_dd2_ignacioblasco/hdl/timer.vhd
    Info (12022): Found design unit 1: Timer-rtl File: C:/Users/nache/OneDrive/Escritorio/Hito3_DD2_IgnacioBlasco/hdl/Timer.vhd Line: 15
    Info (12023): Found entity 1: Timer File: C:/Users/nache/OneDrive/Escritorio/Hito3_DD2_IgnacioBlasco/hdl/Timer.vhd Line: 6
Info (12021): Found 2 design units, including 1 entities, in source file /users/nache/onedrive/escritorio/hito3_dd2_ignacioblasco/hdl/presentacion_temperatura.vhd
    Info (12022): Found design unit 1: presentacion_temperatura-rtl File: C:/Users/nache/OneDrive/Escritorio/Hito3_DD2_IgnacioBlasco/hdl/presentacion_temperatura.vhd Line: 22
    Info (12023): Found entity 1: presentacion_temperatura File: C:/Users/nache/OneDrive/Escritorio/Hito3_DD2_IgnacioBlasco/hdl/presentacion_temperatura.vhd Line: 5
Info (12021): Found 2 design units, including 1 entities, in source file /users/nache/onedrive/escritorio/hito3_dd2_ignacioblasco/hdl/interfaz_spi.vhd
    Info (12022): Found design unit 1: interfaz_spi-rtl File: C:/Users/nache/OneDrive/Escritorio/Hito3_DD2_IgnacioBlasco/hdl/interfaz_spi.vhd Line: 18
    Info (12023): Found entity 1: interfaz_spi File: C:/Users/nache/OneDrive/Escritorio/Hito3_DD2_IgnacioBlasco/hdl/interfaz_spi.vhd Line: 6
Info (12021): Found 2 design units, including 1 entities, in source file /users/nache/onedrive/escritorio/hito3_dd2_ignacioblasco/hdl/datatodisplay.vhd
    Info (12022): Found design unit 1: dataToDisplay-rtl File: C:/Users/nache/OneDrive/Escritorio/Hito3_DD2_IgnacioBlasco/hdl/dataToDisplay.vhd Line: 18
    Info (12023): Found entity 1: dataToDisplay File: C:/Users/nache/OneDrive/Escritorio/Hito3_DD2_IgnacioBlasco/hdl/dataToDisplay.vhd Line: 5
Info (12021): Found 2 design units, including 1 entities, in source file /users/nache/onedrive/escritorio/hito3_dd2_ignacioblasco/hdl/medt.vhd
    Info (12022): Found design unit 1: MEDT-struct File: C:/Users/nache/OneDrive/Escritorio/Hito3_DD2_IgnacioBlasco/hdl/MEDT.vhd Line: 20
    Info (12023): Found entity 1: MEDT File: C:/Users/nache/OneDrive/Escritorio/Hito3_DD2_IgnacioBlasco/hdl/MEDT.vhd Line: 5
Info (12127): Elaborating entity "MEDT" for the top level hierarchy
Info (12129): Elaborating entity "interfaz_spi" using architecture "A:rtl" for hierarchy "interfaz_spi:dut" File: C:/Users/nache/OneDrive/Escritorio/Hito3_DD2_IgnacioBlasco/hdl/MEDT.vhd Line: 31
Info (12129): Elaborating entity "Timer" using architecture "A:rtl" for hierarchy "Timer:timer" File: C:/Users/nache/OneDrive/Escritorio/Hito3_DD2_IgnacioBlasco/hdl/MEDT.vhd Line: 41
Info (12129): Elaborating entity "dataToDisplay" using architecture "A:rtl" for hierarchy "dataToDisplay:conversiones" File: C:/Users/nache/OneDrive/Escritorio/Hito3_DD2_IgnacioBlasco/hdl/MEDT.vhd Line: 49
Info (12129): Elaborating entity "presentacion_temperatura" using architecture "A:rtl" for hierarchy "presentacion_temperatura:representacion" File: C:/Users/nache/OneDrive/Escritorio/Hito3_DD2_IgnacioBlasco/hdl/MEDT.vhd Line: 60
Info (13000): Registers with preset signals will power-up high File: C:/Users/nache/OneDrive/Escritorio/Hito3_DD2_IgnacioBlasco/hdl/interfaz_spi.vhd Line: 9
Info (13003): DEV_CLRn pin will set, and not reset, register with preset signal due to NOT Gate Push-Back
Info (286030): Timing-Driven Synthesis is running
Info (16010): Generating hard_block partition "hard_block:auto_generated_inst"
    Info (16011): Adding 0 node(s), including 0 DDIO, 0 PLL, 0 transceiver and 0 LCELL
Info (21057): Implemented 398 device resources after synthesis - the final resource count might be different
    Info (21058): Implemented 5 input pins
    Info (21059): Implemented 14 output pins
    Info (21061): Implemented 379 logic cells
Info: Quartus Prime Analysis & Synthesis was successful. 0 errors, 1 warning
    Info: Peak virtual memory: 4793 megabytes
    Info: Processing ended: Fri May 22 12:08:50 2020
    Info: Elapsed time: 00:00:15
    Info: Total CPU time (on all processors): 00:00:24


